/tmp/jms_release_sync_probe.py
replay race 0 sent= [{'PlaybackPositionTicks': 10}] pending= []
replay race 1 sent= [{'PlaybackPositionTicks': 10}] pending= []
replay race 2 sent= [{'PlaybackPositionTicks': 10}] pending= []
failed relocation returned= False old_catalog= [] new_catalog_has_episode= True media_still_old= False media_at_new= False
/tmp/jms_release_lifecycle_probe.py
switch iteration 0 active=new new_credentials= [] registered= ['old-credential'] old_client_stopped= False
switch iteration 1 active=new new_credentials= [] registered= ['old-credential'] old_client_stopped= False
switch iteration 2 active=new new_credentials= [] registered= ['old-credential'] old_client_stopped= False
PIN iteration 0 startup_needs_unlock= True browser_locked= False route= home clients= ['srv1']
PIN iteration 1 startup_needs_unlock= True browser_locked= False route= home clients= ['srv1']
PIN iteration 2 startup_needs_unlock= True browser_locked= False route= home clients= ['srv1']
/tmp/jms_release_browser_probe.py
BACK: {'route': 'grid', 'items': None, 'error': None, 'pending_jobs': 0, 'queries': 1, 'busy': True}
PREFERENCES: {'items-lib1-Movie-showTitle': 'false', 'items-lib1-Movie-showYear': 'true', 'unrelated': 'keep'}
PAGINATION: {'frame': 0, 'requests': 3, 'redraws': 3}
PAGINATION: {'frame': 1, 'requests': 6, 'redraws': 6}
PAGINATION: {'frame': 2, 'requests': 9, 'redraws': 9}
All three current bugs reproduced.
/tmp/review_playback_auth_probe.py
Selected stream URL: https://cdn.example.invalid/movie.mkv
Foreign subtitle hosts: set()
mpv Authorization headers: ['Authorization: MediaBrowser Token="SYNTHETIC_REVIEW_TOKEN"']
/tmp/review_playback_order_probe.py
    0  mpv.set:pause=False
    1  mpv.cmd:stop
    2  mpv.set:force_media_title=''
    3  mpv.set:keep_open=False
    4  mpv.set:force_window=False
    5  mpv.set:geometry='1280x720'
    6  mpv.cmd:stop
    7  server.mark:movie=False
    8  test:quit and mark unwatched returned
    9  server.stop:movie=950000000
/tmp/review_playback_tracks_probe.py
Playback URL: https://jellyfin.example.invalid/master.m3u8?AudioStreamIndex=1
Selected audio reported by video: 2
    0  mpv.set:http_header_fields=[]
    1  mpv.set:http_header_fields=['Authorization: MediaBrowser Token="SYNTHETIC"']
    2  server.negotiate-audio:episode2=None
    3  menu.hide
    4  mpv.cmd:set='user-data/media-source/Path None'
    5  mpv.set:volume=100
    6  mpv.set:hwdec='no'
    7  mpv.set:deinterlace='no'
    8  mpv.set:geometry='1280x720'
    9  mpv.play:https://jellyfin.example.invalid/master.m3u8?AudioStreamIndex=1
   10  mpv.prop:playback-abort=False
   11  mpv.set:duration=100
   12  mpv.set:playback_abort=False
   13  mpv.observe:duration
   14  mpv.unobserve:duration
   15  mpv.set:force_media_title='Episode 2 (Transcode)'
   16  mpv.set:keep_open=False
   17  mpv.set:sub='no'
   18  mpv.set:secondary_sid='no'
   19  mpv.set:sub_pos=100
   20  mpv.set:sub_scale=1.0
   21  mpv.set:sub_color='#FFFFFFFF'
   22  mpv.set:pause=False
   23  mpv.set:loop_file='no'
PROBE CONFIRMED: stream was negotiated for audio 1, final UI state says audio 2
