ok     0.1s   93  test_mpvtk_framework.py
ok     1.1s   67  test_shell_paging.py
ok     1.7s  128  test_shell_playback.py
ok     1.7s  157  test_shell_settings.py
ok     0.9s   92  test_shell_playlists.py
ok     1.9s   86  test_playstate_mirror.py
ok     2.1s  258  test_live_tv.py
ok     2.4s  125  test_list_page.py
ok     0.7s   80  test_photos.py
ok     0.6s   61  test_themes.py
ok     0.7s   57  test_restart.py
ok     3.1s  147  test_shell_books.py
ok     1.5s   97  test_shell_routing.py
ok     0.7s   75  test_playstate_payload.py
ok     0.9s   57  test_shell_music.py
ok     1.5s   39  test_banner_placeholder.py
ok     0.1s   45  test_mpvtk_strips.py
ok     0.6s   62  test_shell_downloads.py
ok     0.6s   53  test_shell_chrome.py
ok     0.5s   59  test_audio_settings.py
ok     1.3s   48  test_shell_comic.py
ok     1.0s   47  test_mpvtk_ui_wiring.py
ok     0.1s   54  test_epub_content.py
ok     0.6s   41  test_gamepad.py
ok     0.1s   44  test_transparent_logos.py
ok     0.5s   28  test_player_controller.py
ok     0.2s   44  test_grid_artwork.py
ok     1.4s   39  test_shell_reader.py
ok     0.6s   51  test_epub_layout.py
ok     0.2s   32  test_thumbnail_cache.py
ok     5.5s  294  test_shell_library.py
ok     0.4s   56  test_user_policy.py
ok     0.0s   58  test_mpvtk_downloads_grouping.py
ok     1.0s   42  test_home_rows.py
ok     0.3s   46  test_window_controls.py
ok     0.3s   28  test_picture_processing.py
ok     0.5s   40  test_mpvtk_headless.py
ok     0.4s   29  test_shell_provider_links.py
ok     3.9s   33  test_trickplay_files.py
ok     0.5s   59  test_mpv_options.py
ok     2.6s   14  test_source_invariants.py
ok     2.1s   15  test_late_bound_calls.py
ok     0.1s   20  test_syncplay_protocol.py
ok     0.1s   33  test_cache_dir.py
ok     0.1s   34  test_update_check.py
ok     0.5s   31  test_mpvtk_layout.py
ok     0.1s   25  test_shader_scopes.py
ok     0.1s   29  test_ui_scale.py
ok     0.5s   37  test_remote_playback.py
ok     0.8s   39  test_last_server_and_load_ui.py
ok     0.5s   36  test_playback_failure.py
ok     0.1s   47  test_browser_features.py
ok     0.5s   29  test_key_claims.py
ok     0.7s   18  test_page_contract.py
ok     0.1s   31  test_type_scale.py
ok     0.1s   21  test_syncplay_e2e.py
ok     0.1s   25  test_ui_review_fixes.py
ok     0.5s   33  test_remote_menu_commands.py
ok     0.0s   22  test_python_lua_constants.py
ok     0.1s   23  test_mpvtk_adopt.py
ok     0.1s   12  test_syncplay_disable.py
ok     0.1s   33  test_carousel_paging.py
ok     3.1s   43  test_tray.py
ok     0.1s   28  test_shader_stills.py
ok     0.4s   18  test_mpvtk_cast.py
ok     0.6s   20  test_tile_play_chip.py
ok     0.3s   25  test_shell_delete_item.py
ok     0.6s   21  test_window_geometry.py
ok     0.1s   20  test_keysweep.py
ok     0.1s   22  test_input_conf_migration.py
ok     0.1s   23  test_library_queries.py
ok     0.6s   21  test_wait_property.py
ok     0.5s   16  test_lua_only_options.py
ok     0.5s   16  test_osc_third_party.py
ok     0.1s   20  test_lookahead_hysteresis.py
ok     0.1s   21  test_live_tv_home.py
ok     0.0s   30  test_media_info.py
ok     0.1s   18  test_epub_locations.py
ok     0.3s   14  test_shell_media_info.py
ok     0.1s   22  test_play_method.py
ok     0.1s   23  test_fake_journal.py
ok    10.4s   68  test_sync_manager.py
ok     0.6s    4  test_syncplay_player_contract.py
ok     0.1s   15  test_sync_auth_headers.py
ok     0.5s   17  test_settings_nullable.py
ok     0.1s    7  test_renderer_lua.py
ok     0.0s   31  test_seed_from_web.py
ok     7.2s   33  test_playlist_offline.py
ok     0.1s   18  test_osc_bridge.py
ok     0.2s   13  test_settings_search.py
ok     3.0s   15  test_sync_queue_and_offline.py
ok     0.7s    8  test_mpvtk_daemons.py
ok     0.1s   22  test_mpvtk_pilfont.py
ok     3.2s   15  test_offline_media.py
ok     0.1s   13  test_win_fribidi.py
ok     0.0s   30  test_books.py
ok     0.0s   13  test_check_win_libmpv_deps.py
ok     0.3s   20  test_users.py
ok     0.2s   11  test_season_headings.py
ok     0.3s    9  test_mpvtk_browser_mixins.py
ok     7.3s   25  test_dpi_matrix.py
ok     0.1s   20  test_background_setting.py
ok     0.4s   11  test_icons.py
ok     0.1s   12  test_play_all.py
ok     0.1s   15  test_items_api.py
ok     0.5s    7  test_mpvtk_fake_conformance.py
ok     0.6s   10  test_syncplay_release_on_stop.py
ok     0.1s    8  test_badge_antialiasing.py
ok     0.1s    6  test_gateway_mixins.py
ok     0.5s   18  test_log_sanitization.py
ok    11.4s   53  test_auto_download.py
ok     0.1s   10  test_audit_fixes.py
ok     2.9s   15  test_offline_books.py
ok     0.1s   13  test_clipboard.py
ok     0.7s   15  test_parallel_connect.py
ok     0.1s   13  test_mpvtk_thumbnails.py
ok     0.3s   12  test_async_runner.py
ok     0.1s   13  test_system_open_urls.py
ok     0.0s   12  test_system_open.py
ok     1.8s   10  test_reading_position.py
ok     0.8s   16  test_msgfmt.py
ok     0.1s    9  test_tile_glyphs.py
ok     0.6s    7  test_syncplay_pause_ignore.py
ok     0.0s    7  test_docs_coverage.py
ok     0.6s   18  test_window_identity.py
ok     0.2s   13  test_caption_band.py
ok     0.1s   13  test_single_instance.py
ok     0.0s    8  test_hud_icon_sizes.py
ok     0.6s   10  test_mpv_observe.py
ok     0.3s   11  test_scene_snapshots.py
ok     0.2s    3  test_page_margins.py
ok     0.1s   11  test_track_picker_labels.py
ok     0.1s   14  test_integration_runner.py
ok     0.6s   12  test_colorspace_hint.py
ok     0.2s    9  test_offline_seasons.py
ok     0.0s   21  test_home_sections.py
ok     0.1s   10  test_picture_view.py
ok     0.0s    7  test_settings_mixins.py
ok     0.1s   12  test_memory_probe.py
ok     0.6s   12  test_close_to_tray.py
ok     4.1s   15  test_exit_watchdog.py
ok     0.2s    2  test_action_rows.py
ok     0.1s    1  test_doc_symbols.py
ok     0.6s    8  test_ipc_teardown_timeout.py
ok     0.1s    5  test_shader_profile_platform.py
ok     0.1s    7  test_shader_gpu_api.py
ok     0.9s    3  test_mpvtk_virtualized_scrolls.py
ok     0.1s   18  test_view_prefs.py
ok     1.1s    1  test_settings_references.py
ok     0.5s   10  test_remote_seek.py
ok     0.0s    4  test_lua_resources_are_packaged.py
ok     1.2s    3  test_no_stale_captures.py
ok     0.6s    9  test_play_prev_lookup.py
ok     0.3s    1  test_doc_sections.py
ok     0.0s    7  test_bench_image_tool.py
ok     0.8s    8  test_no_tkinter.py
ok     0.1s    4  test_strip_count_badge.py
ok     0.2s    2  test_doc_pointers.py
ok     0.5s    6  test_osc_fallback_persists.py
ok     0.0s   12  test_user_prefs.py
ok     0.7s    9  test_lua_fallback.py
ok     0.1s    3  test_no_childcount_reads.py
ok     0.5s   11  test_session_reporter.py
ok     0.0s   14  test_version.py
ok     0.2s    5  test_carousel_heading_alignment.py
ok     0.1s    8  test_reset_shaders.py
ok     0.1s    8  test_win_utils_window_match.py
ok     0.0s    9  test_args.py
ok     0.0s    3  test_parallel_runner.py
ok     0.2s    5  test_duplicate_tile_ids.py
ok     0.0s    3  test_strip_version.py
ok     0.0s    3  test_e2e_registry.py
ok     0.0s    2  test_gateway_coupling.py
ok     0.1s    6  test_credentials_save.py
ok     0.1s    3  test_mpv_stat_properties.py
ok     0.5s    3  test_player_locking.py
ok     0.5s    5  test_kiosk_fullscreen.py
ok     2.0s    8  test_playlist_edit.py
ok     0.7s    6  test_sync_db_seasons.py
ok     1.6s    2  test_no_fake_gaps.py
ok     9.8s    7  test_child_process_teardown.py
ok    23.4s   14  test_imageutil.py

5125 tests in 182 modules, 8 workers, 32.8s wall clock
slowest: test_imageutil.py 23.4s, test_auto_download.py 11.4s, test_sync_manager.py 10.4s, test_child_process_teardown.py 9.8s, test_dpi_matrix.py 7.3s
OK
